// Jest Snapshot v1, https://goo.gl/fbAQLP

exports[`Test Noregion render Test Noregion 1`] = `
Object {
  "asFragment": [Function],
  "baseElement": <body>
    <div>
      <div
        class="col-12 bg-red col"
      >
        <div
          class="w-100 h-100 text-light loading bg-red"
        >
          <div
            class="d-flex justify-content-center align-items-center"
          >
            <div
              class="spinner-grow spinner-grow-md"
            />
            <div
              class="spinner-grow spinner-grow-md"
            />
            <div
              class="spinner-grow spinner-grow-md"
            />
            <h1
              class=""
            >
              Loading...
            </h1>
          </div>
        </div>
        <div
          class="d-flex justify-content-between card-body"
        >
          <i
            class="fas fa-chart-pie text-left text-light icon-header"
          />
          <div
            class="text-center font-big card-title h5"
          >
            <span
              class="font-region text-light"
            >
              No Regions
            </span>
          </div>
        </div>
      </div>
    </div>
  </body>,
  "container": <div>
    <div
      class="col-12 bg-red col"
    >
      <div
        class="w-100 h-100 text-light loading bg-red"
      >
        <div
          class="d-flex justify-content-center align-items-center"
        >
          <div
            class="spinner-grow spinner-grow-md"
          />
          <div
            class="spinner-grow spinner-grow-md"
          />
          <div
            class="spinner-grow spinner-grow-md"
          />
          <h1
            class=""
          >
            Loading...
          </h1>
        </div>
      </div>
      <div
        class="d-flex justify-content-between card-body"
      >
        <i
          class="fas fa-chart-pie text-left text-light icon-header"
        />
        <div
          class="text-center font-big card-title h5"
        >
          <span
            class="font-region text-light"
          >
            No Regions
          </span>
        </div>
      </div>
    </div>
  </div>,
  "debug": [Function],
  "findAllByAltText": [Function],
  "findAllByDisplayValue": [Function],
  "findAllByLabelText": [Function],
  "findAllByPlaceholderText": [Function],
  "findAllByRole": [Function],
  "findAllByTestId": [Function],
  "findAllByText": [Function],
  "findAllByTitle": [Function],
  "findByAltText": [Function],
  "findByDisplayValue": [Function],
  "findByLabelText": [Function],
  "findByPlaceholderText": [Function],
  "findByRole": [Function],
  "findByTestId": [Function],
  "findByText": [Function],
  "findByTitle": [Function],
  "getAllByAltText": [Function],
  "getAllByDisplayValue": [Function],
  "getAllByLabelText": [Function],
  "getAllByPlaceholderText": [Function],
  "getAllByRole": [Function],
  "getAllByTestId": [Function],
  "getAllByText": [Function],
  "getAllByTitle": [Function],
  "getByAltText": [Function],
  "getByDisplayValue": [Function],
  "getByLabelText": [Function],
  "getByPlaceholderText": [Function],
  "getByRole": [Function],
  "getByTestId": [Function],
  "getByText": [Function],
  "getByTitle": [Function],
  "queryAllByAltText": [Function],
  "queryAllByDisplayValue": [Function],
  "queryAllByLabelText": [Function],
  "queryAllByPlaceholderText": [Function],
  "queryAllByRole": [Function],
  "queryAllByTestId": [Function],
  "queryAllByText": [Function],
  "queryAllByTitle": [Function],
  "queryByAltText": [Function],
  "queryByDisplayValue": [Function],
  "queryByLabelText": [Function],
  "queryByPlaceholderText": [Function],
  "queryByRole": [Function],
  "queryByTestId": [Function],
  "queryByText": [Function],
  "queryByTitle": [Function],
  "rerender": [Function],
  "unmount": [Function],
}
`;
